[nodress.codes/index.html]
[backblue.gif]
[fade.gif]
[index.html]
[framerusercontent.com/images/NMKXryxJI2mvCu8Fk8QIPFSJFw.png]
[framerusercontent.com/assets/uW1fMRU5cPn6dPzqitWjZySB58.jpg]
[framerusercontent.com/images/XvXKDVDqljT1ggNqKLIi7tryos.png]
[framerusercontent.com/images/AlqF01vFegtkfd4CZLDBBHhV9fM.png]
[framerusercontent.com/images/KVWF9c1pE9DYpjd2qcbG7YpeBY.png]
[framerusercontent.com/images/JiYdC8CCd4bVLLlZqhgxKcjqU.png]
[framerusercontent.com/images/9nlfHAfnxgQOd01EiMchSyLZZU.png]
[framerusercontent.com/images/keuRi31JtGhHAy8QRnzML95qN04.png]
[framerusercontent.com/images/f3QXWjShcS8bQ1yBxg5ijukRQI.png]
[framerusercontent.com/images/nHoibB3V2wUKxzSyqXNM3It5JM.png]
[framerusercontent.com/images/tCcDcK98nvVz5nkFzwePssfQI.png]
[framerusercontent.com/images/bNmd1ebYJQZPf7frVtZmy0ORXDc.png]
[framerusercontent.com/images/kKoBTtVx6ctdsPB0sZBRdyLV70.png]
[framerusercontent.com/images/VxSYtVRBY3SuKsvdL3Y1eW5gSV0.jpg]
[framerusercontent.com/images/Myd69yB7Ezxj51xveGUomT4VS7o.png]
[framerusercontent.com/images/KrWMJNrLXlE3tPjPgHRc1BY0wQU.png]
[framerusercontent.com/images/DVrEnwIQQ8UYPEtoNINcwJMF4iA.png]
[framerusercontent.com/images/bNHB1tBgRr36C68emVfxBix4SWo.png]
[framerusercontent.com/images/1tqRJSnbkeb5wnf9MtPzEuU6EU17f5.jpg]
[framerusercontent.com/images/GKwTYILt7IbtpUHgcydPQUrVI17f5.png]
[framerusercontent.com/assets/NMKXryxJI2mvCu8Fk8QIPFSJFw.png]
[nodress.codes/index.html]
